('foo', 0, 0) => Item(foo, sell_in=-1, quality=0)
