Forecast at time 2025-01-08 18:08:53.024945
Steve score: 9
Julie score: 11
Francis score: 11
